
Allocating common symbols
Common symbol       size              file

global_rules_shadow
                    0x630             obj/kern/libdwarf_frame.o
ismp                0x4               obj/kern/mpconfig.o
lapicaddr           0x8               obj/kern/lapic.o
ts                  0x68              obj/kern/trap.o
end_debug           0x8               obj/kern/init.o
mydebug             0x60              obj/kern/kdebug.o
panicstr            0x8               obj/kern/init.o
boot_cr3            0x8               obj/kern/pmap.o
mpentry_kstack      0x8               obj/kern/init.o
cpus                0x220             obj/kern/mpconfig.o
global_std_op       0x200             obj/kern/libdwarf_lineno.o
lapic               0x8               obj/kern/lapic.o
bootcpu             0x8               obj/kern/mpconfig.o
_cie                0x78              obj/kern/kdebug.o
global_rules        0x630             obj/kern/libdwarf_frame.o
boot_pml4e          0x8               obj/kern/pmap.o
ncpu                0x4               obj/kern/mpconfig.o
_fde                0x80              obj/kern/kdebug.o
npages              0x8               obj/kern/pmap.o
pages               0x8               obj/kern/pmap.o
percpu_kstacks      0x40000           obj/kern/mpconfig.o

Discarded input sections

 .note.GNU-stack
                0x0000000000000000        0x0 obj/kern/init.o
 .note.GNU-stack
                0x0000000000000000        0x0 obj/kern/console.o
 .note.GNU-stack
                0x0000000000000000        0x0 obj/kern/monitor.o
 .note.GNU-stack
                0x0000000000000000        0x0 obj/kern/pmap.o
 .note.GNU-stack
                0x0000000000000000        0x0 obj/kern/env.o
 .note.GNU-stack
                0x0000000000000000        0x0 obj/kern/kclock.o
 .note.GNU-stack
                0x0000000000000000        0x0 obj/kern/picirq.o
 .note.GNU-stack
                0x0000000000000000        0x0 obj/kern/printf.o
 .note.GNU-stack
                0x0000000000000000        0x0 obj/kern/trap.o
 .note.GNU-stack
                0x0000000000000000        0x0 obj/kern/sched.o
 .note.GNU-stack
                0x0000000000000000        0x0 obj/kern/syscall.o
 .note.GNU-stack
                0x0000000000000000        0x0 obj/kern/kdebug.o
 .note.GNU-stack
                0x0000000000000000        0x0 obj/kern/printfmt.o
 .note.GNU-stack
                0x0000000000000000        0x0 obj/kern/readline.o
 .note.GNU-stack
                0x0000000000000000        0x0 obj/kern/string.o
 .note.GNU-stack
                0x0000000000000000        0x0 obj/kern/libdwarf_rw.o
 .note.GNU-stack
                0x0000000000000000        0x0 obj/kern/libdwarf_frame.o
 .note.GNU-stack
                0x0000000000000000        0x0 obj/kern/libdwarf_lineno.o
 .note.GNU-stack
                0x0000000000000000        0x0 obj/kern/elf_rw.o
 .note.GNU-stack
                0x0000000000000000        0x0 obj/kern/mpconfig.o
 .note.GNU-stack
                0x0000000000000000        0x0 obj/kern/lapic.o
 .note.GNU-stack
                0x0000000000000000        0x0 obj/kern/spinlock.o
 .note.GNU-stack
                0x0000000000000000        0x0 obj/kern/e1000.o
 .note.GNU-stack
                0x0000000000000000        0x0 obj/kern/pci.o
 .note.GNU-stack
                0x0000000000000000        0x0 obj/kern/time.o
 .note.GNU-stack
                0x0000000000000000        0x0 obj/vmm/ept.o
 .note.GNU-stack
                0x0000000000000000        0x0 obj/vmm/vmx.o
 .note.GNU-stack
                0x0000000000000000        0x0 obj/vmm/vmexits.o

Memory Configuration

Name             Origin             Length             Attributes
*default*        0x0000000000000000 0xffffffffffffffff

Linker script and memory map

                0x0000000000100000                . = 0x100000

.bootstrap      0x0000000000100000     0x7004
 obj/kern/bootstrap.o(.text .data .bss)
 .text          0x0000000000100000      0x115 obj/kern/bootstrap.o
                0x0000000000100000                _head64
                0x00000000001000e5                jumpto_longmode
 *fill*         0x0000000000100115      0xeeb 
 .data          0x0000000000101000     0x6004 obj/kern/bootstrap.o
                0x0000000000102000                pml4phys
                0x0000000000107000                multiboot_info
 .bss           0x0000000000107004        0x0 obj/kern/bootstrap.o
                0x0000008004200000                . = 0x8004200000

.text           0x0000008004200000    0x1e900 load address 0x0000000000200000
 *(EXCLUDE_FILE(obj/kern/bootstrap.o) .text .stub .text.* .gnu.linkonce.t.*)
 .text          0x0000008004200000       0x58 obj/kern/entry.o
                0x000000800420000c                entry
                0x000000000020000c                _start
 .text          0x0000008004200058      0x695 obj/kern/init.o
                0x0000008004200099                i386_init
                0x0000008004200403                mp_main
                0x00000080042004c9                _panic
                0x0000008004200600                _warn
 .text          0x00000080042006ed      0xb58 obj/kern/console.o
                0x000000800420077d                serial_intr
                0x0000008004200fcc                kbd_intr
                0x00000080042010a6                cons_getc
                0x000000800420119a                cons_init
                0x00000080042011f3                cputchar
                0x0000008004201211                getchar
                0x0000008004201233                iscons
 .text          0x0000008004201245      0x8ad obj/kern/monitor.o
                0x0000008004201245                mon_help
                0x00000080042012dc                mon_kerninfo
                0x000000800420146a                mon_backtrace
                0x0000008004201a51                monitor
 .text          0x0000008004201af2     0x61aa obj/kern/pmap.o
                0x0000008004202631                x64_vm_init
                0x0000008004202beb                page_init
                0x0000008004202e9b                page_alloc
                0x0000008004202f4d                page_free
                0x0000008004202fcf                page_decref
                0x0000008004203010                pml4e_walk
                0x0000008004203289                pdpe_walk
                0x0000008004203502                pgdir_walk
                0x0000008004203a0d                page_insert
                0x0000008004203d7d                page_lookup
                0x0000008004203e08                page_remove
                0x0000008004203e7b                tlb_invalidate
                0x0000008004203f4a                mmio_map_region
                0x000000800420403f                user_mem_check
                0x000000800420415f                user_mem_assert
 .text          0x0000008004207c9c     0x1c65 obj/kern/env.o
                0x0000008004207e01                envid2env
                0x0000008004207f67                env_init
                0x0000008004208034                env_init_percpu
                0x0000008004208196                env_guest_alloc
                0x0000008004208610                env_guest_free
                0x0000008004208957                env_alloc
                0x0000008004208be5                load_icode
                0x0000008004208fb8                env_create
                0x0000008004209060                env_free
                0x0000008004209519                env_destroy
                0x0000008004209608                env_pop_tf
                0x00000080042096e4                env_run
 .text          0x0000008004209901       0x7c obj/kern/kclock.o
                0x0000008004209901                mc146818_read
                0x000000800420993d                mc146818_write
 .text          0x000000800420997d      0x273 obj/kern/picirq.o
                0x000000800420997d                pic_init
                0x0000008004209acf                irq_setmask_8259A
                0x0000008004209bc0                irq_eoi
 .text          0x0000008004209bf0      0x165 obj/kern/printf.o
                0x0000008004209c1e                vcprintf
                0x0000008004209c7d                cprintf
 .text          0x0000008004209d55     0x3a67 obj/kern/trap.o
                0x0000008004209df5                trap_init
                0x000000800420c4f8                trap_init_percpu
                0x000000800420c974                print_trapframe
                0x000000800420cc85                print_regs
                0x000000800420d0ed                trap
                0x000000800420d44a                page_fault_handler
 *fill*         0x000000800420d7bc        0x4 
 .text          0x000000800420d7c0      0x1c2 obj/kern/trapentry.o
                0x000000800420d7c0                Xdivide
                0x000000800420d7ca                Xdebug
                0x000000800420d7d4                Xnmi
                0x000000800420d7de                Xbrkpt
                0x000000800420d7e8                Xoflow
                0x000000800420d7f2                Xbound
                0x000000800420d7fc                Xillop
                0x000000800420d806                Xdevice
                0x000000800420d810                Xdblflt
                0x000000800420d818                Xtss
                0x000000800420d820                Xsegnp
                0x000000800420d828                Xstack
                0x000000800420d830                Xgpflt
                0x000000800420d838                Xpgflt
                0x000000800420d840                Xfperr
                0x000000800420d84a                Xalign
                0x000000800420d852                Xmchk
                0x000000800420d85c                Xirq0
                0x000000800420d866                Xirq1
                0x000000800420d870                Xirq2
                0x000000800420d87a                Xirq3
                0x000000800420d884                Xirq4
                0x000000800420d88e                Xirq5
                0x000000800420d898                Xirq6
                0x000000800420d8a2                Xirq7
                0x000000800420d8ac                Xirq8
                0x000000800420d8b6                Xirq9
                0x000000800420d8c0                Xirq10
                0x000000800420d8ca                Xirq11
                0x000000800420d8d4                Xirq12
                0x000000800420d8de                Xirq13
                0x000000800420d8e8                Xirq14
                0x000000800420d8f2                Xirq15
                0x000000800420d8fc                Xsyscall
                0x000000800420d906                Xdefault
                0x000000800420d910                _alltraps
 .text          0x000000800420d982      0x61c obj/kern/sched.o
                0x000000800420da66                sched_yield
                0x000000800420dd9d                sched_halt
 .text          0x000000800420df9e     0x1334 obj/kern/syscall.o
                0x000000800420ef9a                syscall
                0x000000800420f294                _export_sys_ept_map
 .text          0x000000800420f2d2      0xc2f obj/kern/kdebug.o
                0x000000800420f2d2                list_func_die
                0x000000800420fa38                debuginfo_rip
 .text          0x000000800420ff01      0xa71 obj/kern/printfmt.o
                0x00000080042101dc                vprintfmt
                0x00000080042106f4                printfmt
                0x00000080042107f4                vsnprintf
                0x0000008004210891                snprintf
 .text          0x0000008004210972      0x155 obj/kern/readline.o
                0x0000008004210972                readline
 .text          0x0000008004210ac7      0x7c5 obj/kern/string.o
                0x0000008004210ac7                strlen
                0x0000008004210af5                strnlen
                0x0000008004210b33                strcpy
                0x0000008004210b76                strcat
                0x0000008004210bc5                strncpy
                0x0000008004210c25                strlcpy
                0x0000008004210c95                strcmp
                0x0000008004210ce8                strncmp
                0x0000008004210d59                strchr
                0x0000008004210d95                strfind
                0x0000008004210dcc                memset
                0x0000008004210e57                memmove
                0x0000008004210f6e                memcpy
                0x0000008004210fa2                memcmp
                0x0000008004211016                memfind
                0x000000800421105f                strtol
                0x00000080042111f1                strstr
 .text          0x000000800421128c     0x1f4d obj/kern/libdwarf_rw.o
                0x000000800421128c                _dwarf_read_lsb
                0x00000080042113b8                _dwarf_decode_lsb
                0x00000080042114d9                _dwarf_read_msb
                0x000000800421168b                _dwarf_decode_msb
                0x000000800421183a                _dwarf_read_sleb128
                0x00000080042118de                _dwarf_read_uleb128
                0x000000800421195d                _dwarf_decode_sleb128
                0x00000080042119ef                _dwarf_decode_uleb128
                0x0000008004211a5c                _dwarf_read_string
                0x0000008004211aeb                _dwarf_read_block
                0x0000008004211b34                _dwarf_elf_get_byte_order
                0x0000008004211ba2                _dwarf_elf_get_pointer_size
                0x0000008004211c0c                _dwarf_init
                0x0000008004211cee                _get_next_cu
                0x0000008004211e89                print_cu
                0x0000008004211ec0                _dwarf_abbrev_parse
                0x0000008004212143                _dwarf_abbrev_find
                0x0000008004212274                _dwarf_attr_init
                0x0000008004212905                dwarf_search_die_within_cu
                0x0000008004212bfe                dwarf_offdie
                0x0000008004212d01                _dwarf_attr_find
                0x0000008004212d94                dwarf_siblingof
                0x0000008004212fd8                dwarf_child
                0x000000800421317c                _dwarf_find_section_enhanced
 .text          0x00000080042131d9     0x257f obj/kern/libdwarf_frame.o
                0x00000080042131d9                _dwarf_frame_params_init
                0x0000008004213219                dwarf_get_fde_at_pc
                0x00000080042132eb                _dwarf_frame_regtable_copy
                0x0000008004214298                _dwarf_frame_get_internal_table
                0x0000008004214525                dwarf_get_fde_info_for_all_regs
                0x00000080042153c7                _dwarf_frame_interal_table_init
                0x0000008004215680                dwarf_set_frame_cfa_value
                0x00000080042156b0                dwarf_init_eh_section
 .text          0x0000008004215758      0xd4b obj/kern/libdwarf_lineno.o
                0x0000008004215db4                _dwarf_lineno_init
                0x0000008004216328                dwarf_srclines
 .text          0x00000080042164a3      0xd12 obj/kern/elf_rw.o
                0x00000080042164a3                _dwarf_find_section
                0x0000008004216523                find_debug_sections
                0x00000080042167ec                read_section_headers
                0x0000008004216f2b                readseg
                0x000000800421708f                waitdisk
                0x00000080042170bb                readsect
 *fill*         0x00000080042171b5        0x3 
 .text          0x00000080042171b8       0xe7 obj/kern/mpentry.o
                0x00000080042171b8                mpentry_start
                0x000000800421729e                mpentry_end
 .text          0x000000800421729f      0x8f2 obj/kern/mpconfig.o
                0x0000008004217775                mp_init
 .text          0x0000008004217b91      0x473 obj/kern/lapic.o
                0x0000008004217bd3                lapic_init
                0x0000008004217dca                cpunum
                0x0000008004217dff                lapic_eoi
                0x0000008004217e3a                lapic_startap
                0x0000008004217fbd                lapic_ipi
 .text          0x0000008004218004      0x472 obj/kern/spinlock.o
                0x0000008004218121                __spin_initlock
                0x0000008004218155                spin_lock
                0x000000800421822c                spin_unlock
 .text          0x0000008004218476      0x680 obj/kern/e1000.o
                0x0000008004218476                e1000_attach
                0x0000008004218801                e1000_transmit
                0x0000008004218970                e1000_receive
 .text          0x0000008004218af6      0xafa obj/kern/pci.o
                0x0000008004219333                pci_func_enable
                0x00000080042195b4                pci_init
 .text          0x00000080042195f0       0xa3 obj/kern/time.o
                0x00000080042195f0                time_init
                0x0000008004219606                time_tick
                0x0000008004219678                time_msec
 .text          0x0000008004219693     0x169d obj/vmm/ept.o
                0x0000008004219a14                alloc_intermediate_ept_page
                0x0000008004219abd                ept_gpa2hva
                0x0000008004219d75                free_guest_mem
                0x0000008004219da9                ept_page_insert
                0x0000008004219dc7                ept_map_hva2gpa
                0x0000008004219f6b                ept_alloc_static
                0x000000800421a08f                test_ept_map
 .text          0x000000800421ad30     0x2c6e obj/vmm/vmx.o
                0x000000800421aef9                vmx_list_vms
                0x000000800421afb9                vmx_sel_resume
                0x000000800421b08f                vmx_check_support
                0x000000800421b114                vmx_check_ept
                0x000000800421b1f3                check_fixed_bits
                0x000000800421b2bc                vmx_init_vmcs
                0x000000800421b3c2                vmx_init_vmxon
                0x000000800421b873                vmcs_host_init
                0x000000800421bc41                vmcs_guest_init
                0x000000800421c47f                vmx_read_capability_msr
                0x000000800421cb4e                vmcs_dump_cpu
                0x000000800421cc8f                vmexit
                0x000000800421d254                asm_vmrun
                0x000000800421d47d                msr_setup
                0x000000800421d590                bitmap_setup
                0x000000800421d6d2                vmx_vmrun
 .text          0x000000800421d99e      0xf62 obj/vmm/vmexits.o
                0x000000800421db2d                vmx_get_vmdisk_number
                0x000000800421db3f                vmx_incr_vmdisk_number
                0x000000800421db60                find_msr_in_region
                0x000000800421dbb7                handle_interrupt_window
                0x000000800421dc38                handle_interrupts
                0x000000800421dce5                handle_rdmsr
                0x000000800421dded                handle_wrmsr
                0x000000800421df59                handle_eptviolation
                0x000000800421e14b                handle_ioinstr
                0x000000800421e32a                handle_cpuid
                0x000000800421e3ed                handle_vmcall
                0x000000800421e900                PROVIDE (etext, .)

.iplt           0x000000800421e900        0x0 load address 0x000000000021e900
 .iplt          0x0000000000000000        0x0 obj/kern/bootstrap.o

.rodata         0x000000800421e900     0x3f08 load address 0x000000000021e900
 *(EXCLUDE_FILE(obj/kern/bootstrap.o) .rodata .rodata.* .gnu.linkonce.r.*)
 .rodata        0x000000800421e900       0xd6 obj/kern/init.o
 .rodata        0x000000800421e9d6       0x29 obj/kern/console.o
 *fill*         0x000000800421e9ff        0x1 
 .rodata        0x000000800421ea00      0x2e1 obj/kern/monitor.o
 *fill*         0x000000800421ece1        0x7 
 .rodata        0x000000800421ece8      0xf2c obj/kern/pmap.o
 *fill*         0x000000800421fc14        0x4 
 .rodata        0x000000800421fc18      0x1dd obj/kern/env.o
 .rodata        0x000000800421fdf5       0x1a obj/kern/picirq.o
 *fill*         0x000000800421fe0f       0x11 
 .rodata        0x000000800421fe20      0x4a0 obj/kern/trap.o
 .rodata        0x00000080042202c0       0x8c obj/kern/sched.o
 *fill*         0x000000800422034c        0x4 
 .rodata        0x0000008004220350      0x1f8 obj/kern/syscall.o
 *fill*         0x0000008004220548       0x18 
 .rodata        0x0000008004220560      0x37b obj/kern/kdebug.o
 *fill*         0x00000080042208db        0x5 
 .rodata        0x00000080042208e0      0x4c8 obj/kern/printfmt.o
 .rodata        0x0000008004220da8       0x13 obj/kern/readline.o
 *fill*         0x0000008004220dbb        0x5 
 .rodata        0x0000008004220dc0      0x1ab obj/kern/libdwarf_rw.o
 *fill*         0x0000008004220f6b        0x5 
 .rodata        0x0000008004220f70      0x1d8 obj/kern/libdwarf_frame.o
 .rodata        0x0000008004221148       0xc3 obj/kern/libdwarf_lineno.o
 .rodata        0x000000800422120b       0xa7 obj/kern/elf_rw.o
 *fill*         0x00000080042212b2        0x6 
 .rodata        0x00000080042212b8      0x291 obj/kern/mpconfig.o
 *fill*         0x0000008004221549        0x7 
 .rodata        0x0000008004221550       0x33 obj/kern/lapic.o
 *fill*         0x0000008004221583        0x5 
 .rodata        0x0000008004221588       0xf1 obj/kern/spinlock.o
 *fill*         0x0000008004221679        0x7 
 .rodata        0x0000008004221680       0x87 obj/kern/e1000.o
 *fill*         0x0000008004221707        0x1 
 .rodata        0x0000008004221708      0x287 obj/kern/pci.o
 .rodata        0x000000800422198f       0x2a obj/kern/time.o
 *fill*         0x00000080042219b9        0x7 
 .rodata        0x00000080042219c0      0x7ad obj/vmm/ept.o
 *fill*         0x000000800422216d        0x3 
 .rodata        0x0000008004222170      0x477 obj/vmm/vmx.o
 *fill*         0x00000080042225e7        0x1 
 .rodata        0x00000080042225e8      0x220 obj/vmm/vmexits.o

.eh_frame       0x0000008004222808     0x2720 load address 0x0000000000222808
 .eh_frame      0x0000008004222808       0xf8 obj/kern/init.o
                                         0xf0 (size before relaxing)
 .eh_frame      0x0000008004222900      0x240 obj/kern/console.o
                                        0x258 (size before relaxing)
 .eh_frame      0x0000008004222b40       0xc0 obj/kern/monitor.o
                                         0xd8 (size before relaxing)
 .eh_frame      0x0000008004222c00      0x438 obj/kern/pmap.o
                                        0x448 (size before relaxing)
 .eh_frame      0x0000008004223038      0x280 obj/kern/env.o
                                        0x290 (size before relaxing)
 .eh_frame      0x00000080042232b8       0x40 obj/kern/kclock.o
                                         0x58 (size before relaxing)
 .eh_frame      0x00000080042232f8       0x60 obj/kern/picirq.o
                                         0x78 (size before relaxing)
 .eh_frame      0x0000008004223358       0x60 obj/kern/printf.o
                                         0x78 (size before relaxing)
 .eh_frame      0x00000080042233b8      0x148 obj/kern/trap.o
                                        0x158 (size before relaxing)
 .eh_frame      0x0000008004223500       0xa8 obj/kern/sched.o
                                         0xc0 (size before relaxing)
 .eh_frame      0x00000080042235a8      0x390 obj/kern/syscall.o
                                        0x3a0 (size before relaxing)
 .eh_frame      0x0000008004223938       0x48 obj/kern/kdebug.o
                                         0x60 (size before relaxing)
 .eh_frame      0x0000008004223980      0x118 obj/kern/printfmt.o
                                        0x128 (size before relaxing)
 .eh_frame      0x0000008004223a98       0x20 obj/kern/readline.o
                                         0x38 (size before relaxing)
 .eh_frame      0x0000008004223ab8      0x220 obj/kern/string.o
                                        0x238 (size before relaxing)
 .eh_frame      0x0000008004223cd8      0x308 obj/kern/libdwarf_rw.o
                                        0x320 (size before relaxing)
 .eh_frame      0x0000008004223fe0      0x1d0 obj/kern/libdwarf_frame.o
                                        0x1e8 (size before relaxing)
 .eh_frame      0x00000080042241b0       0x98 obj/kern/libdwarf_lineno.o
                                         0xb0 (size before relaxing)
 .eh_frame      0x0000008004224248       0xc0 obj/kern/elf_rw.o
                                         0xd8 (size before relaxing)
 .eh_frame      0x0000008004224308       0xa8 obj/kern/mpconfig.o
                                         0xc0 (size before relaxing)
 .eh_frame      0x00000080042243b0       0xe0 obj/kern/lapic.o
                                         0xf8 (size before relaxing)
 .eh_frame      0x0000008004224490       0xe0 obj/kern/spinlock.o
                                         0xf0 (size before relaxing)
 .eh_frame      0x0000008004224570       0x60 obj/kern/e1000.o
                                         0x78 (size before relaxing)
 .eh_frame      0x00000080042245d0      0x140 obj/kern/pci.o
                                        0x158 (size before relaxing)
 .eh_frame      0x0000008004224710       0x60 obj/kern/time.o
                                         0x78 (size before relaxing)
 .eh_frame      0x0000008004224770      0x210 obj/vmm/ept.o
                                        0x228 (size before relaxing)
 .eh_frame      0x0000008004224980      0x350 obj/vmm/vmx.o
                                        0x368 (size before relaxing)
 .eh_frame      0x0000008004224cd0      0x258 obj/vmm/vmexits.o
                                        0x268 (size before relaxing)

.rela.dyn       0x0000008004224f28        0x0 load address 0x0000000000224f28
 .rela.iplt     0x0000000000000000        0x0 obj/kern/bootstrap.o
 .rela.text     0x0000000000000000        0x0 obj/kern/bootstrap.o
 .rela.data     0x0000000000000000        0x0 obj/kern/bootstrap.o
                0x0000008004225000                . = ALIGN (0x1000)

.data           0x0000008004225000   0x2b861f load address 0x0000000000225000
 *(EXCLUDE_FILE(obj/kern/bootstrap.o) .data)
 .data          0x0000008004225000    0x10042 obj/kern/entry.o
                0x0000008004225000                bootstack
                0x0000008004235000                kernel_64
                0x0000008004235000                bootstacktop
                0x0000008004235038                gdtdesc_64
 .data          0x0000008004235042        0x0 obj/kern/init.o
 *fill*         0x0000008004235042       0x1e 
 .data          0x0000008004235060      0x520 obj/kern/console.o
 .data          0x0000008004235580       0x60 obj/kern/monitor.o
 .data          0x00000080042355e0        0x8 obj/kern/pmap.o
 *fill*         0x00000080042355e8       0x18 
 .data          0x0000008004235600       0x72 obj/kern/env.o
                0x0000008004235600                gdt
                0x0000008004235668                gdt_pd
 .data          0x0000008004235672        0x0 obj/kern/kclock.o
 .data          0x0000008004235672        0x2 obj/kern/picirq.o
                0x0000008004235672                irq_mask_8259A
 .data          0x0000008004235674        0x0 obj/kern/printf.o
 .data          0x0000008004235674        0x0 obj/kern/trap.o
 .data          0x0000008004235674        0x0 obj/kern/trapentry.o
 .data          0x0000008004235674        0x0 obj/kern/sched.o
 .data          0x0000008004235674        0x0 obj/kern/syscall.o
 *fill*         0x0000008004235674        0x4 
 .data          0x0000008004235678       0x18 obj/kern/kdebug.o
                0x0000008004235678                fde
                0x0000008004235680                cie
                0x0000008004235688                dbg
 .data          0x0000008004235690        0x0 obj/kern/printfmt.o
 .data          0x0000008004235690        0x0 obj/kern/readline.o
 .data          0x0000008004235690        0x0 obj/kern/string.o
 .data          0x0000008004235690        0x0 obj/kern/libdwarf_rw.o
 *fill*         0x0000008004235690       0x10 
 .data          0x00000080042356a0       0x20 obj/kern/libdwarf_frame.o
                0x00000080042356a0                debug_frame_sec
 .data          0x00000080042356c0        0x0 obj/kern/libdwarf_lineno.o
 .data          0x00000080042356c0       0xa0 obj/kern/elf_rw.o
                0x00000080042356c0                section_info
 .data          0x0000008004235760        0x0 obj/kern/mpentry.o
 .data          0x0000008004235760        0x0 obj/kern/mpconfig.o
 .data          0x0000008004235760        0x0 obj/kern/lapic.o
 .data          0x0000008004235760       0x68 obj/kern/spinlock.o
                0x0000008004235760                kernel_lock
 .data          0x00000080042357c8        0x0 obj/kern/e1000.o
 *fill*         0x00000080042357c8       0x18 
 .data          0x00000080042357e0       0x98 obj/kern/pci.o
                0x0000008004235800                pci_attach_class
                0x0000008004235820                pci_attach_vendor
 .data          0x0000008004235878        0x0 obj/kern/time.o
 .data          0x0000008004235878        0x0 obj/vmm/ept.o
 .data          0x0000008004235878        0x0 obj/vmm/vmx.o
 .data          0x0000008004235878        0x0 obj/vmm/vmexits.o
 .data          0x0000008004235878    0x16239 obj/user/hello
                0x0000008004235878                _binary_obj_user_hello_start
                0x000000800424bab1                _binary_obj_user_hello_end
 .data          0x000000800424bab1    0x15d10 obj/user/idle
                0x000000800424bab1                _binary_obj_user_idle_start
                0x00000080042617c1                _binary_obj_user_idle_end
 .data          0x00000080042617c1    0x1764e obj/user/testfile
                0x00000080042617c1                _binary_obj_user_testfile_start
                0x0000008004278e0f                _binary_obj_user_testfile_end
 .data          0x0000008004278e0f    0x15da5 obj/user/writemotd
                0x0000008004278e0f                _binary_obj_user_writemotd_start
                0x000000800428ebb4                _binary_obj_user_writemotd_end
 .data          0x000000800428ebb4    0x187f4 obj/user/spawnhello
                0x000000800428ebb4                _binary_obj_user_spawnhello_start
                0x00000080042a73a8                _binary_obj_user_spawnhello_end
 .data          0x00000080042a73a8    0x18337 obj/user/icode
                0x00000080042a73a8                _binary_obj_user_icode_start
                0x00000080042bf6df                _binary_obj_user_icode_end
 .data          0x00000080042bf6df    0x279f9 obj/fs/fs
                0x00000080042bf6df                _binary_obj_fs_fs_start
                0x00000080042e70d8                _binary_obj_fs_fs_end
 .data          0x00000080042e70d8    0x15f42 obj/user/testtime
                0x00000080042e70d8                _binary_obj_user_testtime_start
                0x00000080042fd01a                _binary_obj_user_testtime_end
 .data          0x00000080042fd01a    0x1a40a obj/user/httpd
                0x00000080042fd01a                _binary_obj_user_httpd_start
                0x0000008004317424                _binary_obj_user_httpd_end
 .data          0x0000008004317424    0x17c5b obj/user/echosrv
                0x0000008004317424                _binary_obj_user_echosrv_start
                0x000000800432f07f                _binary_obj_user_echosrv_end
 .data          0x000000800432f07f    0x17b92 obj/user/echotest
                0x000000800432f07f                _binary_obj_user_echotest_start
                0x0000008004346c11                _binary_obj_user_echotest_end
 .data          0x0000008004346c11    0x1973c obj/net/testoutput
                0x0000008004346c11                _binary_obj_net_testoutput_start
                0x000000800436034d                _binary_obj_net_testoutput_end
 .data          0x000000800436034d    0x1b786 obj/net/testinput
                0x000000800436034d                _binary_obj_net_testinput_start
                0x000000800437bad3                _binary_obj_net_testinput_end
 .data          0x000000800437bad3    0x64ff6 obj/net/ns
                0x000000800437bad3                _binary_obj_net_ns_start
                0x00000080043e0ac9                _binary_obj_net_ns_end
 .data          0x00000080043e0ac9    0x1b109 obj/user/testpteshare
                0x00000080043e0ac9                _binary_obj_user_testpteshare_start
                0x00000080043fbbd2                _binary_obj_user_testpteshare_end
 .data          0x00000080043fbbd2    0x18b1f obj/user/testfdsharing
                0x00000080043fbbd2                _binary_obj_user_testfdsharing_start
                0x00000080044146f1                _binary_obj_user_testfdsharing_end
 .data          0x00000080044146f1    0x19005 obj/user/testpipe
                0x00000080044146f1                _binary_obj_user_testpipe_start
                0x000000800442d6f6                _binary_obj_user_testpipe_end
 .data          0x000000800442d6f6    0x188f9 obj/user/testpiperace
                0x000000800442d6f6                _binary_obj_user_testpiperace_start
                0x0000008004445fef                _binary_obj_user_testpiperace_end
 .data          0x0000008004445fef    0x188ca obj/user/testpiperace2
                0x0000008004445fef                _binary_obj_user_testpiperace2_start
                0x000000800445e8b9                _binary_obj_user_testpiperace2_end
 .data          0x000000800445e8b9    0x18399 obj/user/primespipe
                0x000000800445e8b9                _binary_obj_user_primespipe_start
                0x0000008004476c52                _binary_obj_user_primespipe_end
 .data          0x0000008004476c52    0x1696e obj/user/testkbd
                0x0000008004476c52                _binary_obj_user_testkbd_start
                0x000000800448d5c0                _binary_obj_user_testkbd_end
 .data          0x000000800448d5c0    0x1b186 obj/user/testshell
                0x000000800448d5c0                _binary_obj_user_testshell_start
                0x00000080044a8746                _binary_obj_user_testshell_end
 .data          0x00000080044a8746    0x16d5c obj/user/vmm
                0x00000080044a8746                _binary_obj_user_vmm_start
                0x00000080044bf4a2                _binary_obj_user_vmm_end
 .data          0x00000080044bf4a2    0x1e17d obj/user/sh
                0x00000080044bf4a2                _binary_obj_user_sh_start
                0x00000080044dd61f                _binary_obj_user_sh_end
                0x00000080044dd61f                PROVIDE (edata, .)

.igot.plt       0x00000080044dd620        0x0 load address 0x00000000004dd620
 .igot.plt      0x0000000000000000        0x0 obj/kern/bootstrap.o

.bss            0x00000080044de000   0x242010 load address 0x00000000004de000
 *(EXCLUDE_FILE(obj/kern/bootstrap.o) .bss)
 .bss           0x00000080044de000        0x0 obj/kern/entry.o
 .bss           0x00000080044de000        0x0 obj/kern/init.o
 .bss           0x00000080044de000      0x22c obj/kern/console.o
 .bss           0x00000080044de22c        0x0 obj/kern/monitor.o
 *fill*         0x00000080044de22c        0x4 
 .bss           0x00000080044de230       0x20 obj/kern/pmap.o
 .bss           0x00000080044de250       0x18 obj/kern/env.o
                0x00000080044de250                vcpu_count
                0x00000080044de258                envs
 .bss           0x00000080044de268        0x0 obj/kern/kclock.o
 .bss           0x00000080044de268        0x1 obj/kern/picirq.o
 .bss           0x00000080044de269        0x0 obj/kern/printf.o
 *fill*         0x00000080044de269       0x17 
 .bss           0x00000080044de280     0x1018 obj/kern/trap.o
                0x00000080044de280                idt
                0x00000080044df280                idt_pd
 .bss           0x00000080044df298        0x0 obj/kern/trapentry.o
 .bss           0x00000080044df298        0x0 obj/kern/sched.o
 .bss           0x00000080044df298        0x0 obj/kern/syscall.o
 .bss           0x00000080044df298        0x8 obj/kern/kdebug.o
 .bss           0x00000080044df2a0        0x0 obj/kern/printfmt.o
 .bss           0x00000080044df2a0      0x400 obj/kern/readline.o
 .bss           0x00000080044df6a0        0x0 obj/kern/string.o
 .bss           0x00000080044df6a0        0x0 obj/kern/libdwarf_rw.o
 .bss           0x00000080044df6a0       0x68 obj/kern/libdwarf_frame.o
                0x00000080044df6a0                global_rt_table
                0x00000080044df6e0                global_rt_table_shadow
 .bss           0x00000080044df708        0x0 obj/kern/libdwarf_lineno.o
 .bss           0x00000080044df708        0x0 obj/kern/elf_rw.o
 .bss           0x00000080044df708        0x0 obj/kern/mpentry.o
 .bss           0x00000080044df708        0x0 obj/kern/mpconfig.o
 .bss           0x00000080044df708        0x0 obj/kern/lapic.o
 .bss           0x00000080044df708        0x0 obj/kern/spinlock.o
 *fill*         0x00000080044df708       0x18 
 .bss           0x00000080044df720   0x1fde80 obj/kern/e1000.o
 .bss           0x00000080046dd5a0       0x20 obj/kern/pci.o
 .bss           0x00000080046dd5c0        0x4 obj/kern/time.o
 .bss           0x00000080046dd5c4        0x0 obj/vmm/ept.o
 .bss           0x00000080046dd5c4        0x4 obj/vmm/vmx.o
 .bss           0x00000080046dd5c8        0x8 obj/vmm/vmexits.o
 COMMON         0x00000080046dd5d0       0x18 obj/kern/init.o
                0x00000080046dd5d0                end_debug
                0x00000080046dd5d8                panicstr
                0x00000080046dd5e0                mpentry_kstack
 COMMON         0x00000080046dd5e8       0x20 obj/kern/pmap.o
                0x00000080046dd5e8                boot_cr3
                0x00000080046dd5f0                boot_pml4e
                0x00000080046dd5f8                npages
                0x00000080046dd600                pages
 *fill*         0x00000080046dd608       0x18 
 COMMON         0x00000080046dd620       0x68 obj/kern/trap.o
                0x00000080046dd620                ts
 *fill*         0x00000080046dd688       0x18 
 COMMON         0x00000080046dd6a0      0x160 obj/kern/kdebug.o
                0x00000080046dd6a0                mydebug
                0x00000080046dd700                _cie
                0x00000080046dd780                _fde
 COMMON         0x00000080046dd800      0xc70 obj/kern/libdwarf_frame.o
                0x00000080046dd800                global_rules_shadow
                0x00000080046dde40                global_rules
 *fill*         0x00000080046de470       0x10 
 COMMON         0x00000080046de480      0x200 obj/kern/libdwarf_lineno.o
                0x00000080046de480                global_std_op
 *fill*         0x00000080046de680      0x980 
 COMMON         0x00000080046df000    0x41000 obj/kern/mpconfig.o
                0x00000080046df000                ismp
                0x00000080046df020                cpus
                0x00000080046df240                bootcpu
                0x00000080046df248                ncpu
                0x00000080046e0000                percpu_kstacks
 COMMON         0x0000008004720000       0x10 obj/kern/lapic.o
                0x0000008004720000                lapicaddr
                0x0000008004720008                lapic
                0x0000008004720010                PROVIDE (end, .)

.debug
 *(.debug)

.line
 *(.line)

.debug_srcinfo
 *(.debug_srcinfo)

.debug_sfnames
 *(.debug_sfnames)

.debug_aranges  0x0000000000000000      0x600
 *(.debug_aranges)
 .debug_aranges
                0x0000000000000000       0x30 obj/kern/bootstrap.o
 .debug_aranges
                0x0000000000000030       0x30 obj/kern/entry.o
 .debug_aranges
                0x0000000000000060       0x30 obj/kern/init.o
 .debug_aranges
                0x0000000000000090       0x30 obj/kern/console.o
 .debug_aranges
                0x00000000000000c0       0x30 obj/kern/monitor.o
 .debug_aranges
                0x00000000000000f0       0x30 obj/kern/pmap.o
 .debug_aranges
                0x0000000000000120       0x30 obj/kern/env.o
 .debug_aranges
                0x0000000000000150       0x30 obj/kern/kclock.o
 .debug_aranges
                0x0000000000000180       0x30 obj/kern/picirq.o
 .debug_aranges
                0x00000000000001b0       0x30 obj/kern/printf.o
 .debug_aranges
                0x00000000000001e0       0x30 obj/kern/trap.o
 .debug_aranges
                0x0000000000000210       0x30 obj/kern/trapentry.o
 .debug_aranges
                0x0000000000000240       0x30 obj/kern/sched.o
 .debug_aranges
                0x0000000000000270       0x30 obj/kern/syscall.o
 .debug_aranges
                0x00000000000002a0       0x30 obj/kern/kdebug.o
 .debug_aranges
                0x00000000000002d0       0x30 obj/kern/printfmt.o
 .debug_aranges
                0x0000000000000300       0x30 obj/kern/readline.o
 .debug_aranges
                0x0000000000000330       0x30 obj/kern/string.o
 .debug_aranges
                0x0000000000000360       0x30 obj/kern/libdwarf_rw.o
 .debug_aranges
                0x0000000000000390       0x30 obj/kern/libdwarf_frame.o
 .debug_aranges
                0x00000000000003c0       0x30 obj/kern/libdwarf_lineno.o
 .debug_aranges
                0x00000000000003f0       0x30 obj/kern/elf_rw.o
 .debug_aranges
                0x0000000000000420       0x30 obj/kern/mpentry.o
 .debug_aranges
                0x0000000000000450       0x30 obj/kern/mpconfig.o
 .debug_aranges
                0x0000000000000480       0x30 obj/kern/lapic.o
 .debug_aranges
                0x00000000000004b0       0x30 obj/kern/spinlock.o
 .debug_aranges
                0x00000000000004e0       0x30 obj/kern/e1000.o
 .debug_aranges
                0x0000000000000510       0x30 obj/kern/pci.o
 .debug_aranges
                0x0000000000000540       0x30 obj/kern/time.o
 .debug_aranges
                0x0000000000000570       0x30 obj/vmm/ept.o
 .debug_aranges
                0x00000000000005a0       0x30 obj/vmm/vmx.o
 .debug_aranges
                0x00000000000005d0       0x30 obj/vmm/vmexits.o

.debug_pubnames
 *(.debug_pubnames)

.debug_info     0x0000000000000000    0x16c0e
 *(.debug_info .gnu.linkonce.wi.*)
 .debug_info    0x0000000000000000       0x5d obj/kern/bootstrap.o
 .debug_info    0x000000000000005d       0x59 obj/kern/entry.o
 .debug_info    0x00000000000000b6      0xb62 obj/kern/init.o
 .debug_info    0x0000000000000c18      0xcb8 obj/kern/console.o
 .debug_info    0x00000000000018d0      0x8de obj/kern/monitor.o
 .debug_info    0x00000000000021ae     0x23db obj/kern/pmap.o
 .debug_info    0x0000000000004589     0x14de obj/kern/env.o
 .debug_info    0x0000000000005a67      0x1ee obj/kern/kclock.o
 .debug_info    0x0000000000005c55      0x483 obj/kern/picirq.o
 .debug_info    0x00000000000060d8      0x1ec obj/kern/printf.o
 .debug_info    0x00000000000062c4     0x12ae obj/kern/trap.o
 .debug_info    0x0000000000007572       0x5d obj/kern/trapentry.o
 .debug_info    0x00000000000075cf      0x903 obj/kern/sched.o
 .debug_info    0x0000000000007ed2     0x11a8 obj/kern/syscall.o
 .debug_info    0x000000000000907a     0x154d obj/kern/kdebug.o
 .debug_info    0x000000000000a5c7      0x5f5 obj/kern/printfmt.o
 .debug_info    0x000000000000abbc      0x169 obj/kern/readline.o
 .debug_info    0x000000000000ad25      0x6a6 obj/kern/string.o
 .debug_info    0x000000000000b3cb     0x1425 obj/kern/libdwarf_rw.o
 .debug_info    0x000000000000c7f0     0x1094 obj/kern/libdwarf_frame.o
 .debug_info    0x000000000000d884      0xdf0 obj/kern/libdwarf_lineno.o
 .debug_info    0x000000000000e674      0x96b obj/kern/elf_rw.o
 .debug_info    0x000000000000efdf       0x5b obj/kern/mpentry.o
 .debug_info    0x000000000000f03a      0xcc8 obj/kern/mpconfig.o
 .debug_info    0x000000000000fd02      0x8ec obj/kern/lapic.o
 .debug_info    0x00000000000105ee      0xa4a obj/kern/spinlock.o
 .debug_info    0x0000000000011038      0x598 obj/kern/e1000.o
 .debug_info    0x00000000000115d0      0x70a obj/kern/pci.o
 .debug_info    0x0000000000011cda       0xaf obj/kern/time.o
 .debug_info    0x0000000000011d89      0xeeb obj/vmm/ept.o
 .debug_info    0x0000000000012c74     0x2b54 obj/vmm/vmx.o
 .debug_info    0x00000000000157c8     0x1446 obj/vmm/vmexits.o

.debug_abbrev   0x0000000000000000     0x389f
 *(.debug_abbrev)
 .debug_abbrev  0x0000000000000000       0x14 obj/kern/bootstrap.o
 .debug_abbrev  0x0000000000000014       0x14 obj/kern/entry.o
 .debug_abbrev  0x0000000000000028      0x26a obj/kern/init.o
 .debug_abbrev  0x0000000000000292      0x2d5 obj/kern/console.o
 .debug_abbrev  0x0000000000000567      0x1ef obj/kern/monitor.o
 .debug_abbrev  0x0000000000000756      0x2c7 obj/kern/pmap.o
 .debug_abbrev  0x0000000000000a1d      0x31e obj/kern/env.o
 .debug_abbrev  0x0000000000000d3b      0x102 obj/kern/kclock.o
 .debug_abbrev  0x0000000000000e3d       0xf0 obj/kern/picirq.o
 .debug_abbrev  0x0000000000000f2d       0xef obj/kern/printf.o
 .debug_abbrev  0x000000000000101c      0x32b obj/kern/trap.o
 .debug_abbrev  0x0000000000001347       0x14 obj/kern/trapentry.o
 .debug_abbrev  0x000000000000135b      0x1dc obj/kern/sched.o
 .debug_abbrev  0x0000000000001537      0x27a obj/kern/syscall.o
 .debug_abbrev  0x00000000000017b1      0x264 obj/kern/kdebug.o
 .debug_abbrev  0x0000000000001a15      0x1e6 obj/kern/printfmt.o
 .debug_abbrev  0x0000000000001bfb       0xab obj/kern/readline.o
 .debug_abbrev  0x0000000000001ca6      0x115 obj/kern/string.o
 .debug_abbrev  0x0000000000001dbb      0x1f8 obj/kern/libdwarf_rw.o
 .debug_abbrev  0x0000000000001fb3      0x22a obj/kern/libdwarf_frame.o
 .debug_abbrev  0x00000000000021dd      0x223 obj/kern/libdwarf_lineno.o
 .debug_abbrev  0x0000000000002400      0x1e0 obj/kern/elf_rw.o
 .debug_abbrev  0x00000000000025e0       0x14 obj/kern/mpentry.o
 .debug_abbrev  0x00000000000025f4      0x22e obj/kern/mpconfig.o
 .debug_abbrev  0x0000000000002822      0x1d5 obj/kern/lapic.o
 .debug_abbrev  0x00000000000029f7      0x23f obj/kern/spinlock.o
 .debug_abbrev  0x0000000000002c36      0x129 obj/kern/e1000.o
 .debug_abbrev  0x0000000000002d5f      0x1c4 obj/kern/pci.o
 .debug_abbrev  0x0000000000002f23       0x78 obj/kern/time.o
 .debug_abbrev  0x0000000000002f9b      0x25d obj/vmm/ept.o
 .debug_abbrev  0x00000000000031f8      0x3ae obj/vmm/vmx.o
 .debug_abbrev  0x00000000000035a6      0x2f9 obj/vmm/vmexits.o

.debug_line     0x0000000000000000     0x4eb3
 *(.debug_line)
 .debug_line    0x0000000000000000       0x99 obj/kern/bootstrap.o
 .debug_line    0x0000000000000099       0x51 obj/kern/entry.o
 .debug_line    0x00000000000000ea      0x1a9 obj/kern/init.o
 .debug_line    0x0000000000000293      0x2af obj/kern/console.o
 .debug_line    0x0000000000000542      0x1b0 obj/kern/monitor.o
 .debug_line    0x00000000000006f2      0xe76 obj/kern/pmap.o
 .debug_line    0x0000000000001568      0x497 obj/kern/env.o
 .debug_line    0x00000000000019ff       0x89 obj/kern/kclock.o
 .debug_line    0x0000000000001a88       0xad obj/kern/picirq.o
 .debug_line    0x0000000000001b35       0x82 obj/kern/printf.o
 .debug_line    0x0000000000001bb7      0x325 obj/kern/trap.o
 .debug_line    0x0000000000001edc       0x75 obj/kern/trapentry.o
 .debug_line    0x0000000000001f51      0x192 obj/kern/sched.o
 .debug_line    0x00000000000020e3      0x2d4 obj/kern/syscall.o
 .debug_line    0x00000000000023b7      0x1e3 obj/kern/kdebug.o
 .debug_line    0x000000000000259a      0x28e obj/kern/printfmt.o
 .debug_line    0x0000000000002828       0x94 obj/kern/readline.o
 .debug_line    0x00000000000028bc      0x1eb obj/kern/string.o
 .debug_line    0x0000000000002aa7      0x45a obj/kern/libdwarf_rw.o
 .debug_line    0x0000000000002f01      0x4f9 obj/kern/libdwarf_frame.o
 .debug_line    0x00000000000033fa      0x206 obj/kern/libdwarf_lineno.o
 .debug_line    0x0000000000003600      0x231 obj/kern/elf_rw.o
 .debug_line    0x0000000000003831       0x74 obj/kern/mpentry.o
 .debug_line    0x00000000000038a5      0x1f9 obj/kern/mpconfig.o
 .debug_line    0x0000000000003a9e      0x16a obj/kern/lapic.o
 .debug_line    0x0000000000003c08      0x17a obj/kern/spinlock.o
 .debug_line    0x0000000000003d82      0x17e obj/kern/e1000.o
 .debug_line    0x0000000000003f00      0x1dc obj/kern/pci.o
 .debug_line    0x00000000000040dc       0x50 obj/kern/time.o
 .debug_line    0x000000000000412c      0x316 obj/vmm/ept.o
 .debug_line    0x0000000000004442      0x763 obj/vmm/vmx.o
 .debug_line    0x0000000000004ba5      0x30e obj/vmm/vmexits.o

.debug_frame
 *(.debug_frame)

.debug_str      0x0000000000000000     0x3521
 *(.debug_str)
 .debug_str     0x0000000000000000      0x635 obj/kern/init.o
                                        0x6de (size before relaxing)
 .debug_str     0x0000000000000635      0x149 obj/kern/console.o
                                        0x2b5 (size before relaxing)
 .debug_str     0x000000000000077e      0x171 obj/kern/monitor.o
                                        0x44f (size before relaxing)
 .debug_str     0x00000000000008ef      0x54c obj/kern/pmap.o
                                        0xb4a (size before relaxing)
 .debug_str     0x0000000000000e3b      0x33e obj/kern/env.o
                                        0xa42 (size before relaxing)
 .debug_str     0x0000000000001179       0x31 obj/kern/kclock.o
                                        0x172 (size before relaxing)
 .debug_str     0x00000000000011aa       0x35 obj/kern/picirq.o
                                        0x1a5 (size before relaxing)
 .debug_str     0x00000000000011df       0x17 obj/kern/printf.o
                                        0x1a7 (size before relaxing)
 .debug_str     0x00000000000011f6      0x282 obj/kern/trap.o
                                        0x91f (size before relaxing)
 .debug_str     0x0000000000001478       0x29 obj/kern/sched.o
                                        0x629 (size before relaxing)
 .debug_str     0x00000000000014a1      0x37c obj/kern/syscall.o
                                        0xa5f (size before relaxing)
 .debug_str     0x000000000000181d      0x905 obj/kern/kdebug.o
                                       0x1008 (size before relaxing)
 .debug_str     0x0000000000002122       0x93 obj/kern/printfmt.o
                                        0x347 (size before relaxing)
 .debug_str     0x00000000000021b5       0x27 obj/kern/readline.o
                                        0x1e3 (size before relaxing)
 .debug_str     0x00000000000021dc       0x9e obj/kern/string.o
                                        0x200 (size before relaxing)
 .debug_str     0x000000000000227a      0x25c obj/kern/libdwarf_rw.o
                                        0xbf6 (size before relaxing)
 .debug_str     0x00000000000024d6      0x2dd obj/kern/libdwarf_frame.o
                                        0xb4f (size before relaxing)
 .debug_str     0x00000000000027b3      0x1bd obj/kern/libdwarf_lineno.o
                                        0xb9d (size before relaxing)
 .debug_str     0x0000000000002970      0x144 obj/kern/elf_rw.o
                                        0x45a (size before relaxing)
 .debug_str     0x0000000000002ab4       0xbe obj/kern/mpconfig.o
                                        0x690 (size before relaxing)
 .debug_str     0x0000000000002b72       0x52 obj/kern/lapic.o
                                        0x5da (size before relaxing)
 .debug_str     0x0000000000002bc4       0x4d obj/kern/spinlock.o
                                        0x6a4 (size before relaxing)
 .debug_str     0x0000000000002c11       0xd6 obj/kern/e1000.o
                                        0x373 (size before relaxing)
 .debug_str     0x0000000000002ce7      0x16f obj/kern/pci.o
                                        0x345 (size before relaxing)
 .debug_str     0x0000000000002e56       0x26 obj/kern/time.o
                                        0x101 (size before relaxing)
 .debug_str     0x0000000000002e7c      0x135 obj/vmm/ept.o
                                        0x7dd (size before relaxing)
 .debug_str     0x0000000000002fb1      0x3a2 obj/vmm/vmx.o
                                        0xb05 (size before relaxing)
 .debug_str     0x0000000000003353      0x1ce obj/vmm/vmexits.o
                                        0xa04 (size before relaxing)

.debug_loc      0x0000000000000000     0x7004
 *(.debug_loc)
 .debug_loc     0x0000000000000000      0x264 obj/kern/init.o
 .debug_loc     0x0000000000000264      0x6c0 obj/kern/console.o
 .debug_loc     0x0000000000000924      0x240 obj/kern/monitor.o
 .debug_loc     0x0000000000000b64      0xc00 obj/kern/pmap.o
 .debug_loc     0x0000000000001764      0x6f8 obj/kern/env.o
 .debug_loc     0x0000000000001e5c       0xc0 obj/kern/kclock.o
 .debug_loc     0x0000000000001f1c      0x120 obj/kern/picirq.o
 .debug_loc     0x000000000000203c      0x120 obj/kern/printf.o
 .debug_loc     0x000000000000215c      0x398 obj/kern/trap.o
 .debug_loc     0x00000000000024f4      0x1e0 obj/kern/sched.o
 .debug_loc     0x00000000000026d4      0xa58 obj/kern/syscall.o
 .debug_loc     0x000000000000312c       0xc0 obj/kern/kdebug.o
 .debug_loc     0x00000000000031ec      0x300 obj/kern/printfmt.o
 .debug_loc     0x00000000000034ec       0x60 obj/kern/readline.o
 .debug_loc     0x000000000000354c      0x660 obj/kern/string.o
 .debug_loc     0x0000000000003bac      0x900 obj/kern/libdwarf_rw.o
 .debug_loc     0x00000000000044ac      0x540 obj/kern/libdwarf_frame.o
 .debug_loc     0x00000000000049ec      0x180 obj/kern/libdwarf_lineno.o
 .debug_loc     0x0000000000004b6c      0x240 obj/kern/elf_rw.o
 .debug_loc     0x0000000000004dac      0x1e0 obj/kern/mpconfig.o
 .debug_loc     0x0000000000004f8c      0x2a0 obj/kern/lapic.o
 .debug_loc     0x000000000000522c      0x240 obj/kern/spinlock.o
 .debug_loc     0x000000000000546c      0x120 obj/kern/e1000.o
 .debug_loc     0x000000000000558c      0x3c0 obj/kern/pci.o
 .debug_loc     0x000000000000594c      0x120 obj/kern/time.o
 .debug_loc     0x0000000000005a6c      0x5ec obj/vmm/ept.o
 .debug_loc     0x0000000000006058      0x94c obj/vmm/vmx.o
 .debug_loc     0x00000000000069a4      0x660 obj/vmm/vmexits.o

.comment        0x0000000000000000       0x2b
 .comment       0x0000000000000000       0x2b obj/kern/init.o
                                         0x2c (size before relaxing)
 .comment       0x0000000000000000       0x2c obj/kern/console.o
 .comment       0x0000000000000000       0x2c obj/kern/monitor.o
 .comment       0x0000000000000000       0x2c obj/kern/pmap.o
 .comment       0x0000000000000000       0x2c obj/kern/env.o
 .comment       0x0000000000000000       0x2c obj/kern/kclock.o
 .comment       0x0000000000000000       0x2c obj/kern/picirq.o
 .comment       0x0000000000000000       0x2c obj/kern/printf.o
 .comment       0x0000000000000000       0x2c obj/kern/trap.o
 .comment       0x0000000000000000       0x2c obj/kern/sched.o
 .comment       0x0000000000000000       0x2c obj/kern/syscall.o
 .comment       0x0000000000000000       0x2c obj/kern/kdebug.o
 .comment       0x0000000000000000       0x2c obj/kern/printfmt.o
 .comment       0x0000000000000000       0x2c obj/kern/readline.o
 .comment       0x0000000000000000       0x2c obj/kern/string.o
 .comment       0x0000000000000000       0x2c obj/kern/libdwarf_rw.o
 .comment       0x0000000000000000       0x2c obj/kern/libdwarf_frame.o
 .comment       0x0000000000000000       0x2c obj/kern/libdwarf_lineno.o
 .comment       0x0000000000000000       0x2c obj/kern/elf_rw.o
 .comment       0x0000000000000000       0x2c obj/kern/mpconfig.o
 .comment       0x0000000000000000       0x2c obj/kern/lapic.o
 .comment       0x0000000000000000       0x2c obj/kern/spinlock.o
 .comment       0x0000000000000000       0x2c obj/kern/e1000.o
 .comment       0x0000000000000000       0x2c obj/kern/pci.o
 .comment       0x0000000000000000       0x2c obj/kern/time.o
 .comment       0x0000000000000000       0x2c obj/vmm/ept.o
 .comment       0x0000000000000000       0x2c obj/vmm/vmx.o
 .comment       0x0000000000000000       0x2c obj/vmm/vmexits.o

.debug_macinfo
 *(.debug_macinfo)

.debug_weaknames
 *(.debug_weaknames)

.debug_funcnames
 *(.debug_funcnames)

.debug_typenames
 *(.debug_typenames)

.debug_varnames
 *(.debug_varnames)

/DISCARD/
 *(.note.GNU-stack)
LOAD obj/kern/entry.o
LOAD obj/kern/bootstrap.o
LOAD obj/kern/init.o
LOAD obj/kern/console.o
LOAD obj/kern/monitor.o
LOAD obj/kern/pmap.o
LOAD obj/kern/env.o
LOAD obj/kern/kclock.o
LOAD obj/kern/picirq.o
LOAD obj/kern/printf.o
LOAD obj/kern/trap.o
LOAD obj/kern/trapentry.o
LOAD obj/kern/sched.o
LOAD obj/kern/syscall.o
LOAD obj/kern/kdebug.o
LOAD obj/kern/printfmt.o
LOAD obj/kern/readline.o
LOAD obj/kern/string.o
LOAD obj/kern/libdwarf_rw.o
LOAD obj/kern/libdwarf_frame.o
LOAD obj/kern/libdwarf_lineno.o
LOAD obj/kern/elf_rw.o
LOAD obj/kern/mpentry.o
LOAD obj/kern/mpconfig.o
LOAD obj/kern/lapic.o
LOAD obj/kern/spinlock.o
LOAD obj/kern/e1000.o
LOAD obj/kern/pci.o
LOAD obj/kern/time.o
LOAD obj/vmm/ept.o
LOAD obj/vmm/vmx.o
LOAD obj/vmm/vmexits.o
LOAD /usr/lib/gcc/x86_64-linux-gnu/4.8/libgcc.a
TARGET(binary)
LOAD obj/user/hello
LOAD obj/user/idle
LOAD obj/user/testfile
LOAD obj/user/writemotd
LOAD obj/user/spawnhello
LOAD obj/user/icode
LOAD obj/fs/fs
LOAD obj/user/testtime
LOAD obj/user/httpd
LOAD obj/user/echosrv
LOAD obj/user/echotest
LOAD obj/net/testoutput
LOAD obj/net/testinput
LOAD obj/net/ns
LOAD obj/user/testpteshare
LOAD obj/user/testfdsharing
LOAD obj/user/testpipe
LOAD obj/user/testpiperace
LOAD obj/user/testpiperace2
LOAD obj/user/primespipe
LOAD obj/user/testkbd
LOAD obj/user/testshell
LOAD obj/user/vmm
LOAD obj/user/sh
OUTPUT(obj/kern/kernel elf64-x86-64)
